root@75:~# pip3 install matplotlib
Requirement already satisfied: matplotlib in /Library/Frameworks/Python.framework/Versions/3.8/lib/python3.8/site-packages (3.3.0)
Requirement already satisfied: python-dateutil>=2.1 in /Library/Frameworks/Python.framework/Versions/3.8/lib/python3.8/site-packages (from matplotlib) (2.8.1)
Requirement already satisfied: cycler>=0.10 in /Library/Frameworks/Python.framework/Versions/3.8/lib/python3.8/site-packages (from matplotlib) (0.10.0)
Requirement already satisfied: pillow>=6.2.0 in /Library/Frameworks/Python.framework/Versions/3.8/lib/python3.8/site-packages (from matplotlib) (7.2.0)
Requirement already satisfied: pyparsing!=2.0.4,!=2.1.2,!=2.1.6,>=2.0.3 in /Library/Frameworks/Python.framework/Versions/3.8/lib/python3.8/site-packages (from matplotlib) (2.4.7)
Requirement already satisfied: kiwisolver>=1.0.1 in /Library/Frameworks/Python.framework/Versions/3.8/lib/python3.8/site-packages (from matplotlib) (1.2.0)
Requirement already satisfied: numpy>=1.15 in /Library/Frameworks/Python.framework/Versions/3.8/lib/python3.8/site-packages (from matplotlib) (1.19.0)
Requirement already satisfied: six>=1.5 in ./Library/Python/3.8/lib/python/site-packages (from python-dateutil>=2.1->matplotlib) (1.14.0)
root@75:~# cd Desktop
root@75:Desktop# cd ml
root@75:ml# python3 regression.py
89 %
Coefficient: 
 [ 0.1533507   0.99022202 -0.21525669 -0.24749641  0.04188845]
Intercept: 
 -1.6341652241726035
8.311252708039477 [9 9 2 0 2] 10
8.333123605619773 [10  9  3  0  4] 9
9.633646408548788 [ 8  9  1  1 38] 8
13.46526974242678 [12 14  3  0  1] 15
8.498824047906822 [8 9 1 0 5] 9
14.244372972166158 [14 14  1  0  2] 13
11.553443791963733 [12 11  1  0 16] 11
16.157096552172966 [15 16  3  0  7] 15
9.454825422012444 [10 10  2  0  2] 11
10.905099529711578 [13 11  2  0  2] 11
11.209643947300048 [11 12  3  1  4] 11
15.027006099499468 [16 15  3  0  0] 15
11.847618642517732 [13 12  3  0  6] 12
3.9740894439897456 [6 5 2 0 4] 6
11.902989351306728 [15 12  3  0  0] 14
9.169994925866575 [ 9 10  3  0  4] 10
14.688962623066443 [15 14  2  1 20] 13
10.419215432398898 [11 11  4  0  8] 10
9.315677818244392 [ 8 10  2  0  6] 10
12.885543563931348 [13 13  2  0  2] 13
15.104968537664321 [16 15  4  0  7] 17
8.360809712378419 [ 9  9  2  2 15] 9
-0.9293177372559507 [6 0 1 0 0] 0
6.3450117669147374 [8 7 2 0 6] 9
11.526714155696537 [12 12  3  0  2] 11
6.039208002732334 [ 7  6  2  0 26] 6
11.269569013945167 [12 12  4  0  1] 12
9.16232712138131 [ 7 10  2  0  6] 10
15.778423974844346 [17 15  1  0  4] 16
7.370410897520335 [5 9 2 2 6] 7
15.710526722883186 [14 16  3  0  0] 16
12.052506522109251 [14 12  2  1  8] 12
12.244632219832718 [12 12  2  0 14] 12
14.935561400035143 [14 15  2  0  0] 15
7.972311602062691 [7 9 1 1 2] 8
6.952423299804668 [8 8 3 0 2] 10
8.995906599662845 [10 10  3  2  8] 10
-1.7310119440070417 [4 0 1 2 0] 0
8.694063192259433 [9 9 1 0 6] 10
9.782265197443403 [ 8 10  1  0 12] 10
root@75:ml# python3 regression.py
Coefficient: 
 [ 0.1533507   0.99022202 -0.21525669 -0.24749641  0.04188845]
Intercept: 
 -1.6341652241726035
5.91935711707795 [ 7  6  1  0 18] 6
7.6771122912465 [7 9 2 2 6] 8
-0.5311716440654628 [10  0  2  0  0] 0
16.385835507734278 [17 16  2  0  0] 16
5.612891362047672 [7 7 2 2 4] 9
7.8094889677089 [10  8  2  0 10] 8
-0.9912237346547103 [7 0 2 0 0] 0
13.48546409008421 [15 13  2  0  9] 15
4.360734206634406 [ 6  5  1  1 14] 5
6.93055240222437 [7 8 2 0 0] 0
2.6899282150217463 [7 4 1 2 0] 0
8.694063192259433 [9 9 1 0 6] 10
9.169994925866575 [ 9 10  3  0  4] 10
13.122671155773487 [14 13  2  0  4] 13
18.45772424141837 [19 18  3  0  0] 19
12.802664298496051 [14 12  2  0 20] 13
9.710711217169882 [ 7 10  2  1 25] 11
9.371048527033388 [10 10  2  0  0] 10
6.093681081977568 [8 7 2 0 0] 8
6.354660502153645 [8 7 1 1 7] 8
10.012857500675779 [12 10  2  0  8] 11
15.778423974844346 [17 15  1  0  4] 16
10.084107852482672 [11 11  4  0  0] 11
16.157096552172966 [15 16  3  0  7] 15
9.155791832771545 [10 10  3  0  0] 9
12.879729107117146 [13 13  3  0  7] 14
8.91099643644414 [ 7 10  2  0  0] 11
14.887858495731416 [14 15  3  0  4] 16
5.725073690852644 [7 7 3 0 0] 8
4.315011480720172 [6 5 1 0 7] 6
14.935561400035143 [14 15  2  0  0] 15
8.289381810459181 [8 9 1 0 0] 8
14.688962623066443 [15 14  2  1 20] 13
10.598398135985413 [11 11  2  0  2] 11
14.244372972166158 [14 14  1  0  2] 13
7.370410897520335 [5 9 2 2 6] 7
15.66696172547079 [16 15  1  0  5] 16
8.799710984818786 [10  9  2  0 10] 10
16.304632792221845 [16 16  4  0 12] 16
16.385835507734278 [17 16  2  0  0] 17
root@75:ml# python3 regression.py
Coefficient: 
 [ 0.1533507   0.99022202 -0.21525669 -0.24749641  0.04188845]
Intercept: 
 -1.6341652241726035
8.940535138509704 [10 10  4  0  0] 10
8.55581321803514 [ 8  8  1  0 30] 8
8.409232696113564 [8 9 2 0 8] 10
9.52439922389647 [11 10  2  0  0] 10
13.48546409008421 [15 13  2  0  9] 15
2.6899282150217463 [7 4 1 2 0] 0
6.989757389438072 [9 8 2 1 0] 0
7.490261030810572 [7 9 4 0 0] 0
13.853894683460936 [12 14  1  0  0] 15
7.083903099087452 [8 8 2 0 0] 0
5.612891362047672 [7 7 2 2 4] 9
7.8571918720126295 [10  8  1  0  6] 11
6.039208002732334 [ 7  6  2  0 26] 6
7.8094889677089 [10  8  2  0 10] 8
15.507796571793511 [15 15  2  0 10] 15
7.083903099087452 [8 8 2 0 0] 0
9.385251620128418 [ 9 10  2  0  4] 10
13.71660042736395 [12 14  3  0  7] 14
3.4971332501204104 [7 5 3 1 0] 0
15.0193382950142 [14 15  2  0  2] 15
15.027006099499468 [16 15  3  0  0] 15
9.70999038537432 [10 10  2  1 14] 9
11.269569013945167 [12 12  4  0  1] 12
20.14399342508414 [18 19  1  0 10] 19
4.315011480720172 [6 5 1 0 7] 6
12.732192867068266 [12 13  2  0  2] 12
11.63817640507009 [13 12  3  0  1] 12
12.16253187477653 [10 13  4  0  6] 13
6.271840077666038 [7 8 2 3 2] 9
9.379437163314217 [ 9 10  3  0  9] 9
6.961351955612157 [9 8 1 3 6] 10
10.419215432398898 [11 11  4  0  8] 10
13.03889426079443 [14 13  2  0  2] 13
6.093681081977568 [8 7 2 0 0] 8
8.694063192259433 [9 9 1 0 6] 10
7.546892590921791 [8 9 1 3 0] 10
11.847618642517732 [13 12  3  0  6] 12
9.123552120520925 [10 10  2  1  0] 0
6.835146593616912 [7 8 4 0 8] 8
10.264188185612948 [12 10  2  0 14] 11
root@75:ml# clear

root@75:ml# python3 regression.py
75 %
75 %
75 %
75 %
75 %
75 %
75 %
75 %
75 %
75 %
75 %
75 %
75 %
75 %
75 %
75 %
75 %
75 %
75 %
75 %
75 %
75 %
75 %
75 %
75 %
75 %
75 %
75 %
75 %
75 %
Coefficient: 
 [ 0.14104014  0.97039018 -0.25161152 -0.35446303  0.03342546]
Intercept: 
 -1.0618678014170104
10.653304421823302 [10 11  2  0  4] 9
12.306472692269702 [10 13  2  1  6] 13
11.840730409345962 [15 12  2  1  0] 12
10.424823374440896 [11 11  4  0  8] 10
9.424753794860665 [ 9  9  1  0 22] 9
8.155701781978594 [7 9 2 0 0] 8
7.484964357520777 [8 9 1 3 0] 10
7.32635173486536 [8 8 2 0 0] 0
14.965323853703142 [14 15  2  0  0] 15
5.129925250985691 [ 6  6  2  2 22] 4
11.965287530460182 [11 12  2  0 10] 13
5.496142749044928 [7 6 1 0 0] 0
6.8969308411693655 [10  8  1  3  3] 7
11.15866019513188 [11 12  3  1  4] 11
15.89199358355346 [15 16  3  0  2] 18
5.839842238669506 [5 8 2 3 0] 7
9.682914237091211 [10 10  2  0  4] 11
8.856078517793035 [10 10  3  2  8] 10
8.11970120422342 [7 9 1 1 2] 8
13.543558720549477 [14 13  1  0  8] 13
11.269231578775631 [10 12  2  1  4] 12
8.045511995366539 [6 9 1 1 4] 8
12.09053547429374 [12 12  1  0  2] 11
11.06174827449007 [11 11  2  0 12] 11
10.912254223180813 [11 11  1  0  0] 10
8.083319029436547 [9 9 2 1 0] 0
4.125762625336469 [5 5 2 0 4] 6
12.865870076024414 [13 13  3  0  7] 14
14.84741418996449 [14 15  3  0  4] 16
11.58810179089549 [12 11  1  0 16] 11
11.882644407912904 [11 12  1  0  0] 10
13.802834796375517 [13 14  3  0  6] 14
13.974343687969478 [16 14  4  0  6] 15
14.97815933708256 [16 15  4  0  7] 17
15.314255057702832 [16 15  2  0  2] 15
6.5565143364192 [8 7 2 0 6] 9
9.541874099472356 [ 9 10  2  0  4] 10
7.608432010103073 [10  8  2  0  0] 9
-0.15468946775366033 [10  0  2  0  0] 0
10.727493630680183 [11 11  2  0  2] 11
root@75:ml# clear

root@75:ml# python3 regression.py
86 %
86 %
86 %
86 %
86 %
86 %
86 %
86 %
86 %
86 %
86 %
86 %
86 %
86 %
86 %
86 %
86 %
86 %
86 %
86 %
86 %
86 %
86 %
86 %
86 %
86 %
86 %
86 %
86 %
86 %
Coefficient: 
 [ 0.13853841  0.98404633 -0.20193973 -0.32610222  0.03649231]
Intercept: 
 -1.3301795140770327
9.493210448010743 [ 8  9  1  1 38] 8
9.087909031198043 [10 10  4  0  0] 10
15.029575110607281 [13 15  1  0  0] 15
12.59420167782574 [14 13  4  0  0] 14
15.644665981976027 [16 15  2  0 11] 15
9.766712820679986 [10 10  1  0  2] 10
10.694788650389034 [10 11  2  0  6] 11
10.816312954337842 [11 11  1  0  0] 10
13.083774876699824 [10 13  1  0 12] 12
13.982127463132853 [14 14  2  0  0] 14
14.966173796315088 [14 15  2  0  0] 16
13.75855705306111 [12 14  3  0  7] 14
3.627899636788783 [7 5 3 1 0] 0
8.092126914829942 [7 9 2 0 0] 8
19.87740633607134 [18 19  1  0  6] 19
-1.8177338390375706 [5 0 1 3 0] 0
9.297279568079487 [ 9 10  3  0  4] 10
8.653711372729937 [10  9  2  0  4] 11
4.730235175455574 [ 6  5  1  0 14] 5
8.863081909611381 [9 9 1 0 8] 10
10.614373228275404 [11 11  2  0  0] 10
11.826470989288849 [15 12  2  1  0] 12
14.966173796315088 [14 15  2  0  0] 15
16.261636772501703 [14 16  1  0  3] 16
8.376634549189442 [8 9 2 0 4] 10
6.5432366730256835 [8 8 1 3 2] 10
5.0158254220958955 [7 6 1 1 0] 0
7.381799486673767 [5 9 2 2 6] 7
9.4262346828473 [ 9 10  2  0  2] 10
4.024833981149757 [5 5 2 0 4] 6
12.247850252290268 [12 12  2  0 14] 12
9.215471876022539 [11  9  1  1 19] 10
3.5676241609487347 [3 5 2 1 8] 5
13.465050292546682 [15 13  2  0  9] 15
11.873343898814703 [11 12  1  0  2] 11
5.985495836695224 [6 7 2 0 0] 0
7.319603604712579 [8 8 2 0 2] 8
8.432605052662629 [8 9 1 0 0] 8
8.588157572254316 [9 9 2 0 6] 10
18.535867757234975 [17 18  1  0  0] 18
root@75:ml# clear

root@75:ml# python3 regression.py
  File "regression.py", line 30
    print(acc), "%")
                   ^
SyntaxError: unmatched ')'
root@75:ml# pythin3 regression.py
-bash: pythin3: command not found
root@75:ml# python3 regression.py
  File "regression.py", line 30
    print(accuracy), "%")
                        ^
SyntaxError: unmatched ')'
root@75:ml# python3 regresson.py
/usr/local/bin/python3: can't open file 'regresson.py': [Errno 2] No such file or directory
root@75:ml# python3 regression.py
Traceback (most recent call last):
  File "regression.py", line 30, in <module>
    print(accuracys, "%")
NameError: name 'accuracys' is not defined
root@75:ml# clear
































root@75:ml# python3 regression.py
0.7876149758279415 %
Traceback (most recent call last):
  File "regression.py", line 32, in <module>
    if acc > best:
NameError: name 'acc' is not defined
root@75:ml# python3 regression.py
0.7913165258611453 %
Traceback (most recent call last):
  File "regression.py", line 33, in <module>
    best = acc
NameError: name 'acc' is not defined
root@75:ml# python3 regression.py
0.7456266390439615 %
Traceback (most recent call last):
  File "regression.py", line 33, in <module>
    best = acc
NameError: name 'acc' is not defined
root@75:ml# python3 regression.py
0.7268759628227329 %
Traceback (most recent call last):
  File "regression.py", line 33, in <module>
    best = acc
NameError: name 'acc' is not defined
root@75:ml# clear



























root@75:ml# python3 regression.py
0.9122551435889813 %
0.9122551435889813 %
0.9122551435889813 %
0.9122551435889813 %
0.9122551435889813 %
0.9122551435889813 %
0.9122551435889813 %
0.9122551435889813 %
0.9122551435889813 %
0.9122551435889813 %
0.9122551435889813 %
0.9122551435889813 %
0.9122551435889813 %
0.9122551435889813 %
0.9122551435889813 %
0.9122551435889813 %
0.9122551435889813 %
0.9122551435889813 %
0.9122551435889813 %
0.9122551435889813 %
0.9122551435889813 %
0.9122551435889813 %
0.9122551435889813 %
0.9122551435889813 %
0.9122551435889813 %
0.9122551435889813 %
0.9122551435889813 %
0.9122551435889813 %
0.9122551435889813 %
0.9122551435889813 %
Coefficient: 
 [ 0.17173893  0.96634025 -0.21508546 -0.27196537  0.03974163]
Intercept: 
 -1.5351296556358491
17.89868662539434 [17 17  2  0 13] 17
-0.24791131199131744 [10  0  2  0  0] 0
11.734996045441417 [11 12  1  0  0] 10
8.264639598533376 [8 9 2 0 4] 10
13.839415466983915 [12 14  1  0  0] 15
6.738975048443409 [6 8 1 1 0] 8
10.123399413991272 [11 11  4  0  0] 11
14.890801571669169 [15 15  3  0  0] 15
6.172992566938378 [8 7 2 0 0] 8
12.892834662691593 [13 13  3  0  7] 14
8.264639598533376 [8 9 2 0 4] 10
10.091098943471245 [10 10  2  0 17] 10
15.69141959181679 [16 15  1  0  5] 16
11.996810194159702 [11 12  2  0 12] 11
16.15171054879809 [15 16  2  0  2] 16
9.366813401570091 [ 9  9  1  0 22] 9
8.277621354333267 [ 7 10  4  1  2] 10
12.29452971392789 [11 13  4  0  6] 14
16.459051668418628 [16 16  1  0  0] 15
10.914849944721267 [10 11  1  0  8] 10
8.264639598533376 [8 9 2 0 4] 10
20.098966605755834 [18 19  1  0 10] 19
9.287098770637442 [ 8 10  1  0  0] 11
19.417043862670482 [18 18  1  1 24] 18
10.202353056882734 [12 10  2  1 18] 10
9.074865836542047 [10  9  3  1 28] 9
11.814479313783034 [11 12  1  0  2] 11
15.185370301342207 [15 15  2  0  2] 16
9.802315550529652 [11 10  1  0  0] 10
3.4097833834129254 [6 5 3 1 0] 0
14.011154393614653 [13 14  1  0  0] 14
12.839559650532093 [12 13  1  1  6] 14
13.911688934265786 [14 14  3  0  4] 14
13.868342399565103 [15 14  4  0  4] 14
13.539497112854933 [15 14  3  2  4] 15
12.737473026538233 [12 13  2  0  2] 13
14.878029181721665 [14 15  3  0  4] 16
13.160434148141325 [14 13  2  0  4] 13
6.335564004151487 [7 7 1 0 3] 8
6.331959103621613 [8 7 2 0 4] 6
root@75:ml# clear

root@75:ml# python3 regression.py
Coefficient: 
 [ 0.17173893  0.96634025 -0.21508546 -0.27196537  0.03974163]
Intercept: 
 -1.5351296556358491
8.595345061847349 [9 9 2 0 8] 9
11.98621824041377 [12 12  1  0  2] 11
12.970573207107142 [15 13  3  2 14] 13
11.304295497328416 [12 11  1  1 16] 12
7.139332814394258 [8 8 2 0 0] 0
8.018979992448775 [10  9  4  0  0] 0
13.080950879799706 [14 13  2  0  2] 13
18.7713467502328 [19 18  2  0  2] 18
3.5815223100436633 [7 5 3 1 0] 0
6.830910447134762 [ 6  8  1  3 16] 8
-0.8200080045729035 [7 0 1 1 0] 0
11.814479313783034 [11 12  1  0  2] 11
11.930099315765586 [12 12  2  0  6] 12
6.024617984001074 [7 7 3 0 6] 7
9.072013309306021 [ 8 10  2  0  0] 12
4.201994902184109 [ 5  5  2  0 12] 5
7.3544182757256795 [8 8 1 0 0] 11
10.45770977783512 [11 11  3  0  3] 11
6.738975048443409 [6 8 1 1 0] 8
9.323235504278376 [ 9 10  2  0  2] 10
11.162467239163748 [12 11  2  0 11] 11
6.948710885318885 [9 8 1 3 6] 10
15.714783935510223 [16 15  2  0 11] 15
11.886752781064903 [13 12  3  0  6] 12
4.3963371844670895 [ 6  5  1  1 14] 5
12.248032389132057 [12 12  2  0 14] 12
9.097789451792059 [11  9  2  0 12] 9
15.185370301342207 [15 15  2  0  2] 16
10.976531458257204 [13 11  2  0  2] 11
8.185156330191758 [8 9 2 0 2] 8
7.218816082735875 [8 8 2 0 2] 8
11.68804461021086 [13 12  3  0  1] 12
-0.3763037039213717 [8 0 1 0 0] 0
5.432329734559847 [ 7  6  2  0 10] 6
9.62184986292471 [ 7 10  2  1 25] 11
5.013618591614519 [6 7 2 3 0] 0
10.768655797985534 [11 11  1  0  0] 12
18.50374726478307 [18 18  3  0  5] 19
9.57445769925073 [10 10  2  0  4] 10
5.3840656890993 [7 7 2 3 5] 7
Traceback (most recent call last):
  File "regression.py", line 50, in <module>
    plt.scatter(data[p], gata["G3"])
NameError: name 'gata' is not defined
root@75:ml# python3 regression.py
Coefficient: 
 [ 0.17173893  0.96634025 -0.21508546 -0.27196537  0.03974163]
Intercept: 
 -1.5351296556358491
13.530881245626107 [15 13  2  0  9] 15
7.039106367004202 [9 8 2 1 0] 0
3.839954306075766 [6 5 1 1 0] 0
10.315351894220294 [12 10  2  0 14] 11
9.187633311288575 [ 9 10  3  0  4] 10
8.264639598533376 [8 9 2 0 4] 10
11.576260871349211 [12 11  1  0 16] 11
6.388078028269797 [8 7 1 0 0] 6
11.886752781064903 [13 12  3  0  6] 12
15.714783935510223 [16 15  2  0 11] 15
8.170639216318186 [ 9  9  2  2 11] 9
13.53448614615598 [14 13  1  0  8] 13
14.011154393614653 [13 14  1  0  0] 13
11.162467239163748 [12 11  2  0 11] 11
4.201994902184109 [ 5  5  2  0 12] 5
9.223770044929509 [10 10  4  0  6] 11
5.7861681789762205 [7 7 3 0 0] 8
-0.8200080045729035 [7 0 1 1 0] 0
9.558975247651501 [ 8  9  1  1 38] 8
15.105887033000588 [15 15  2  0  0] 15
7.734032862628087 [11  8  2  0  2] 8
18.32840343762246 [18 18  4  0  6] 18
12.565734099907495 [11 13  2  0  2] 14
12.909211953168969 [13 13  2  0  2] 13
6.068195881292787 [ 7  6  2  0 26] 6
9.386341482142619 [ 9 10  3  0  9] 9
9.074865836542047 [10  9  3  1 28] 9
-1.7074166058759668 [5 0 1 3 0] 0
11.896583746769645 [12 12  2  1 12] 13
11.917326925818083 [11 12  2  0 10] 13
14.93414810636985 [14 15  2  0  0] 15
10.63305360499573 [11 11  2  0  2] 11
7.482810667655734 [10  8  2  0  0] 9
13.839415466983915 [12 14  1  0  0] 15
12.909211953168969 [13 13  2  0  2] 11
13.90612634537803 [11 14  1  0  6] 14
7.864281832582527 [6 9 1 1 4] 8
15.268458470213695 [14 15  1  0  3] 16
4.742204839782525 [8 6 2 2 2] 5
9.072013309306021 [ 8 10  2  0  0] 12
Traceback (most recent call last):
  File "regression.py", line 50, in <module>
    plt.scatter(data[p], gata["G3"])
NameError: name 'gata' is not defined
root@75:ml# clear

root@75:ml# python3 reression.py
/usr/local/bin/python3: can't open file 'reression.py': [Errno 2] No such file or directory
root@75:ml# python3 regression.py
Coefficient: 
 [ 0.17173893  0.96634025 -0.21508546 -0.27196537  0.03974163]
Intercept: 
 -1.5351296556358491
3.839954306075766 [6 5 1 1 0] 0
5.808219912439664 [5 8 2 3 0] 7
15.105887033000588 [15 15  2  0  0] 15
-0.9348670185142661 [6 0 2 0 0] 0
-0.3763037039213717 [8 0 1 0 0] 0
6.335564004151487 [7 7 1 0 3] 8
10.461314678364994 [10 11  2  0  2] 11
11.734996045441417 [11 12  1  0  0] 10
10.71253687333735 [11 11  2  0  4] 11
9.323235504278376 [ 9 10  2  0  2] 10
12.737473026538233 [12 13  2  0  2] 13
10.897048189915587 [13 11  2  0  0] 10
11.080572172029528 [ 9 12  3  0  3] 11
4.668302558487884 [ 6  5  1  0 14] 5
10.349076829068624 [10 11  4  0 10] 11
10.735140228989593 [11 11  1  1  6] 10
-0.7631280918835289 [7 0 2 0 0] 0
10.976531458257204 [13 11  2  0  2] 11
14.457479858911178 [15 14  2  0  8] 14
14.003944592554904 [15 14  3  0  2] 15
11.556047317750929 [12 12  3  0  2] 11
8.608117451794852 [10  9  2  0  4] 9
10.744307718407219 [13 11  2  1  3] 11
12.657989758196615 [12 13  2  0  0] 13
8.413223547323069 [ 7 10  3  1  0] 10
-0.8200080045729035 [7 0 1 1 0] 0
8.264639598533376 [8 9 2 0 4] 10
8.018979992448775 [10  9  4  0  0] 0
11.917326925818083 [11 12  2  0 10] 13
14.890801571669169 [15 15  3  0  0] 15
11.191826285441017 [11 12  3  1  4] 11
5.616289428949286 [7 7 2 2 4] 9
7.218816082735875 [8 8 2 0 2] 8
16.135333258320713 [15 16  3  0  7] 15
13.911688934265786 [14 14  3  0  4] 14
12.081095063347883 [14 12  2  1  8] 12
5.675029518242464 [8 7 2 3 8] 8
11.301220222248702 [12 12  4  0  1] 12
12.909211953168969 [13 13  2  0  2] 13
11.68804461021086 [13 12  3  0  1] 12
root@75:ml# python3 regression.py
Coefficient: 
 [ 0.17173893  0.96634025 -0.21508546 -0.27196537  0.03974163]
Intercept: 
 -1.5351296556358491
5.675029518242464 [8 7 2 3 8] 8
7.139332814394258 [8 8 2 0 0] 9
9.187633311288575 [ 9 10  3  0  4] 10
11.9840378042122 [10 12  2  0 16] 11
15.357109227972945 [16 15  2  0  2] 15
11.691649510740733 [12 12  2  0  0] 11
14.011154393614653 [13 14  1  0  0] 14
6.855356038467152 [7 8 4 0 8] 8
12.909211953168969 [13 13  2  0  2] 13
12.07847389870289 [13 12  1  0  0] 12
8.436378525164114 [9 9 2 0 4] 10
10.62028121504823 [10 11  2  0  6] 11
12.614643223495932 [13 13  3  0  0] 13
8.515861793505731 [9 9 2 0 6] 10
14.93414810636985 [14 15  2  0  0] 16
3.5679889320549716 [6 5 1 2 0] 0
9.587230089198233 [11 10  2  0  0] 10
12.065701508755389 [12 12  1  0  4] 13
8.170639216318186 [ 9  9  2  2 11] 9
10.038353556761901 [ 8 11  2  0  0] 11
7.98973280026982 [ 6  9  1  2 14] 8
13.539497112854933 [15 14  3  2  4] 15
10.63305360499573 [11 11  2  0  2] 11
15.105887033000588 [15 15  2  0  0] 15
6.549114107409226 [ 7  8  2  3 10] 10
5.808219912439664 [5 8 2 3 0] 7
7.482810667655734 [10  8  2  0  0] 9
3.8840618288176385 [5 5 2 0 4] 6
12.565734099907495 [11 13  2  0  2] 13
14.66241409494009 [15 14  2  1 20] 13
15.125646476164146 [16 15  4  0  7] 17
12.614643223495932 [13 13  3  0  0] 14
12.565734099907495 [11 13  2  0  2] 14
10.533058520196706 [13 10  2  1 22] 11
14.805755714439798 [12 15  1  0  0] 15
13.796068932283232 [13 14  2  0  0] 15
15.357109227972945 [16 15  2  0  2] 15
12.369437727846053 [14 12  1  0  3] 12
14.713500056150679 [11 15  1  0  2] 15
16.951874458510986 [17 17  4  0  0] 18
root@75:ml# python3 regression.py
Coefficient: 
 [ 0.17173893  0.96634025 -0.21508546 -0.27196537  0.03974163]
Intercept: 
 -1.5351296556358491
3.5815223100436633 [7 5 3 1 0] 0
12.614643223495932 [13 13  3  0  0] 14
11.991780829301526 [15 12  3  0  0] 14
12.829728684827352 [13 13  2  0  0] 13
12.2809963359392 [10 13  2  1  6] 13
10.21009248339264 [ 9 11  2  0  0] 12
7.482810667655734 [10  8  2  0  0] 9
11.68804461021086 [13 12  3  0  1] 12
12.248032389132057 [12 12  2  0 14] 12
12.122790787297154 [10 13  4  0  6] 13
11.191826285441017 [11 12  3  1  4] 11
10.553570336654113 [11 11  2  0  0] 10
18.176646701998973 [16 18  2  0  0] 19
11.292052732831074 [10 12  3  0  4] 12
4.742204839782525 [8 6 2 2 2] 5
7.4444934978132284 [ 7  8  2  0 12] 8
7.956537490871646 [7 9 1 1 2] 8
12.909211953168969 [13 13  2  0  2] 11
15.675042301339413 [16 15  2  0 10] 15
6.068195881292787 [ 7  6  2  0 26] 6
14.262376588587008 [14 14  1  0  2] 13
10.976531458257204 [13 11  2  0  2] 11
9.587230089198233 [11 10  2  0  0] 10
8.356895256822495 [9 9 2 0 2] 10
13.10431522349314 [14 13  3  0  8] 14
6.855356038467152 [7 8 4 0 8] 8
12.224668045438623 [12 12  1  0  8] 12
15.277625959631326 [16 15  2  0  0] 15
14.341859856928627 [14 14  1  0  4] 14
15.185370301342207 [15 15  2  0  2] 16
8.266499775137179 [9 9 1 2 8] 9
8.900274382675285 [ 7 10  2  0  0] 11
7.106578233439507 [ 8  8  4  0 10] 8
13.160434148141325 [14 13  2  0  4] 13
9.62184986292471 [ 7 10  2  1 25] 11
10.725309263284851 [12 11  2  0  0] 12
4.390111119292222 [6 5 1 0 7] 6
7.139332814394258 [8 8 2 0 0] 0
14.547323718407693 [13 15  3  0  0] 15
12.909211953168969 [13 13  2  0  2] 13
root@75:ml# python3 regression.p
/usr/local/bin/python3: can't open file 'regression.p': [Errno 2] No such file or directory
root@75:ml# python3 regression.py
Coefficient: 
 [ 0.17173893  0.96634025 -0.21508546 -0.27196537  0.03974163]
Intercept: 
 -1.5351296556358491
16.323449475428827 [16 16  2  0  2] 17
13.66595882933367 [11 12  2  0 54] 11
7.039106367004202 [9 8 2 1 0] 0
19.053143089958336 [18 18  1  0  8] 18
16.459051668418628 [16 16  1  0  0] 15
8.846567256819704 [10  9  2  0 10] 10
9.763998380687148 [ 8 10  1  0 12] 10
8.900274382675285 [ 7 10  2  0  0] 11
17.584358452557744 [16 17  1  0  4] 18
12.829728684827352 [13 13  2  0  0] 13
18.50374726478307 [18 18  3  0  5] 19
10.461314678364994 [10 11  2  0  2] 11
12.571296688795249 [14 13  4  0  0] 14
11.9840378042122 [10 12  2  0 16] 11
9.386341482142619 [ 9 10  3  0  9] 9
9.53111116455005 [11 10  3  0  4] 11
-0.663449668102852 [12  0  3  2  0] 0
8.810430523178768 [9 9 1 0 8] 10
7.001224909437196 [10  8  1  3  3] 7
6.772721980030383 [ 7  7  1  0 14] 5
12.688563902949797 [10 13  1  0  4] 14
8.595345061847349 [9 9 2 0 8] 9
8.42360613521661 [8 9 2 0 8] 10
6.331959103621613 [8 7 2 0 4] 6
6.388078028269797 [8 7 1 0 0] 6
10.533058520196706 [13 10  2  1 22] 11
7.933934135219404 [7 9 2 0 0] 8
8.80322072211902 [11  9  3  0 10] 10
8.320758523181562 [8 9 1 0 0] 8
11.814479313783034 [11 12  1  0  2] 11
12.614643223495932 [13 13  3  0  0] 14
15.357109227972945 [16 15  2  0  2] 15
10.768655797985534 [11 11  1  0  0] 12
15.125646476164146 [16 15  4  0  7] 17
8.018979992448775 [10  9  4  0  0] 0
14.713500056150679 [11 15  1  0  2] 15
6.738975048443409 [6 8 1 1 0] 8
10.349076829068624 [10 11  4  0 10] 11
10.914849944721267 [10 11  1  0  8] 10
11.84340624636422 [14 12  4  0  6] 13
root@75:ml# 
